// Jest Snapshot v1, https://goo.gl/fbAQLP

exports[`models/device should export the model 1`] = `
Object {
  "_id": Object {
    "required": true,
    "type": [Function],
    "unique": true,
  },
  "created": Object {
    "default": [Function],
    "required": false,
    "type": [Function],
  },
  "driver": Object {
    "required": true,
    "type": [Function],
  },
  "specs": Object {
    "default": Object {},
    "required": true,
    "type": [Function],
  },
  "type": Object {
    "required": true,
    "type": [Function],
  },
}
`;

exports[`models/device should export the schema 1`] = `
Object {
  "_id": Object {
    "required": true,
    "type": [Function],
    "unique": true,
  },
  "created": Object {
    "default": [Function],
    "required": false,
    "type": [Function],
  },
  "driver": Object {
    "required": true,
    "type": [Function],
  },
  "specs": Object {
    "default": Object {},
    "required": true,
    "type": [Function],
  },
  "type": Object {
    "required": true,
    "type": [Function],
  },
}
`;
