// Jest Snapshot v1, https://goo.gl/fbAQLP

exports[`models/sensor should export the commands 1`] = `Object {}`;

exports[`models/sensor should export the events 1`] = `
Array [
  "CONTACT",
  "TEMPERATURE",
  "HUMIDITY",
  "LIGHT",
  "UV",
  "BATTERY_LEVEL",
  "MOTION",
  "NAME",
  "VIBRATION",
  "TAMPER",
]
`;
